[2026-10-05 03:51:56] ============================================================
[2026-10-05 03:51:56] DailyIPTV 直播源聚合更新 (优化版)
[2026-10-05 03:51:56] ============================================================
[2026-10-05 03:51:56] 正在获取: https://m3u.ibert.me/fmml_ipv6.m3u
[2026-10-05 03:51:56] 从该源解析出 82 个频道
[2026-10-05 03:51:57] 正在获取: https://live.zbds.org/tv/iptv6.m3u
[2026-10-05 03:51:57] 获取异常: HTTPSConnectionPool(host='live.zbds.org', port=443): Max retries exceeded with url: /tv/iptv6.m3u (Caused by NameResolutionError("HTTPSConnection(host='live.zbds.org', port=443): Failed to resolve 'live.zbds.org' ([Errno -2] Name or service not known)"))
[2026-10-05 03:51:57] 正在获取: https://raw.githubusercontent.com/suxuang/myIPTV/refs/heads/main/ipv4.m3u
[2026-10-05 03:51:57] 从该源解析出 1225 个频道
[2026-10-05 03:51:58] 正在获取: https://zbds.org/tv/iptv4.m3u
[2026-10-05 03:51:58] 获取异常: HTTPSConnectionPool(host='zbds.org', port=443): Max retries exceeded with url: /tv/iptv4.m3u (Caused by NameResolutionError("HTTPSConnection(host='zbds.org', port=443): Failed to resolve 'zbds.org' ([Errno -2] Name or service not known)"))
[2026-10-05 03:51:58] 正在获取: https://raw.githubusercontent.com/BurningC4/Chinese-IPTV/master/TV-IPV4.m3u
[2026-10-05 03:51:58] 从该源解析出 58 个频道
[2026-10-05 03:51:58] 采集完成: 1365 个原始频道 (来自3个源)
[2026-10-05 03:51:58] URL去重后: 1318 个频道
[2026-10-05 03:51:58] 已保存: outputs/full_raw.m3u (1318个频道)
[2026-10-05 03:51:58] 分离: IPv4=791 IPv6=93 RTMP=14 拦截=420
[2026-10-05 03:51:58] 已保存: outputs/ipv6.m3u (93个频道)
[2026-10-05 03:51:58] 已保存: outputs/rtmp.m3u (14个频道)
[2026-10-05 03:51:58] 已保存: outputs/blocked.m3u (420个频道)
[2026-10-05 03:51:58] 开始验证 791 个频道 (Phase 1 HEAD + Phase 2 内容探测)...
[2026-10-05 03:52:18] 已验证 50/791 个频道
[2026-10-05 03:53:11] 已验证 100/791 个频道
[2026-10-05 03:53:48] 已验证 150/791 个频道
[2026-10-05 03:53:51] 已验证 200/791 个频道
[2026-10-05 03:54:25] 已验证 250/791 个频道
[2026-10-05 03:55:00] 已验证 300/791 个频道
[2026-10-05 03:55:31] 已验证 350/791 个频道
[2026-10-05 03:55:53] 已验证 400/791 个频道
[2026-10-05 03:56:11] 已验证 450/791 个频道
[2026-10-05 03:56:35] 已验证 500/791 个频道
[2026-10-05 03:56:51] 已验证 550/791 个频道
[2026-10-05 03:57:18] 已验证 600/791 个频道
[2026-10-05 03:57:31] 已验证 650/791 个频道
[2026-10-05 03:57:36] 已验证 700/791 个频道
[2026-10-05 03:58:16] 已验证 750/791 个频道
[2026-10-05 03:59:12] 已验证 791/791 个频道
[2026-10-05 03:59:12] 验证完成: HEAD通过=183, 内容验证=183/791
[2026-10-05 03:59:12] 景区慢直播: 2个, 电视频道: 181个
[2026-10-05 03:59:12] 已保存: outputs/webcam.m3u (2个频道)
[2026-10-05 03:59:12] 名称去重: 181 → 153个
[2026-10-05 03:59:12] 质量分级: A级=77 B级=56 C级=20
[2026-10-05 03:59:12] 已保存: outputs/tier_a.m3u (77个频道)
[2026-10-05 03:59:12] 已保存: outputs/tier_b.m3u (56个频道)
[2026-10-05 03:59:12] 已保存: outputs/tier_c.m3u (20个频道)
[2026-10-05 03:59:12] 已保存: outputs/full_validated.m3u (153个频道)
[2026-10-05 03:59:12] 已保存: outputs/cctv.m3u (3个频道)
[2026-10-05 03:59:12] 已保存: outputs/satellite.m3u (38个频道)
[2026-10-05 03:59:12] 已保存: outputs/local.m3u (52个频道)
[2026-10-05 03:59:12] 已保存: outputs/international.m3u (14个频道)
[2026-10-05 03:59:12] 已保存: outputs/other.m3u (46个频道)